whoami
pwd
cd /etc
pwd
catcat
cat
whomai
pwd
catcat
 clear all
whomai
whoami
cd
cd /
pwd
cat /etc/os-release
ls
cd
pwd
sudo -i
pwd
cd /etc
pwd
ls
cd /boot
pwd
ls
cd /dev
ls
pwd
whoami
pwd
cd /etc
pwd
ls
cat os-release
cd /boot
pwd
ls
CD DEV
CD /DEV
cd /dev
ls
pwd
cd /
pwd
which pwd
ls
which cd
which useradd
cd bin
ls
pwd
exit
whomai
whomami
whomi
yum instal git
install
yum install git
git --version
yum install java
yum install httpd
rpm -qa
rpm -qa | grep git
rpm -qa | grep java
rpm -qa | grep httpd
yum install docker -y
rpm -qa | grep docekr
rpm -qa | grep docker
yum repo list
yum repolist
yum install helm
yum install hadoop
whoami
exit
systemctl status docker
systemctl start docker
systemctl status docker
docker ps
systemctl status httpd
systemctl start httpd
systemctl status httpd
systemctl stop httpd
systemctl status httpd
stop
systemctl start httpd
systemctl status httpd
systemctl enable httpd
systemctl status httpd
systemctl status docker
systemctl start docker
systemctl sttus docker
docker ps
systemctl status httpd
systemctl stop httpd
systemctl status httpd
systemctl start httpd
systemctl status httpd
sytemctl restart httpd
systemctl enable httpd
exit
sudo useradd srinu
user ad
sudo useradd ec2-user
sudo groupadd srinu
sudo grep
grep --help
grep -srinu
grep -i
grep -n
grep- v
grep -c
sort -r
cwd
ls
id
id -u srinu
id -g srinu
id -g
id -Gid -G
id -r
id -help
id -version
id srinu
id -G srinu
id -G
whoami
ls
pwd
ls
cd /
ls srinu
ls -i
sudo useradd srinu
sudo userdel srinu
whoami
cat sorttest.txt
ailas
cat sortalias
tail -n 3 state.txt
       __|  __|_  )
       _|  (     /   Amazon Linux 2 AMI;       ___|\___|___| https://aws.amazon.com/amazon-linux-2/; 2 package(s) needed for security, out of 6 available
Run "sudo yum update" to apply all updates.
[ec2-user@ip-172-31-5-76 ~]$ sudo-i
-bash: sudo-i: command not found
[ec2-user@ip-172-31-5-76 ~]$ sudo -i
[root@ip-172-31-5-76 ~]# sudo useradd srinu
useradd: warning: the home directory already exists.
Not copying any file from skel directory into it.
Creating mailbox file: File exists
[root@ip-172-31-5-76 ~]# user ad
-bash: user: command not found
[root@ip-172-31-5-76 ~]# sudo useradd ec2-user
useradd: user 'ec2-user' already exists
[root@ip-172-31-5-76 ~]# sudo groupadd srinu
groupadd: group 'srinu' already exists
[root@ip-172-31-5-76 ~]# sudo grep
Usage: grep [OPTION]... PATTERN [FILE]...
Try 'grep --help' for more information.
[root@ip-172-31-5-76 ~]# grep --help
Usage: grep [OPTION]... PATTERN [FILE]...
Search for PATTERN in each FILE or standard input.
PATTERN is, by default, a basic regular expression (BRE).
Example: grep -i 'hello world' menu.h main.c
Regexp selection and interpretation:
  -E, --extended-regexp     PATTERN is an extended regular expression (ERE)
  -F, --fixed-strings       PATTERN is a set of newline-separated fixed strings
  -G, --basic-regexp        PATTERN is a basic regular expression (BRE)
  -P, --perl-regexp         PATTERN is a Perl regular expression
  -e, --regexp=PATTERN      use PATTERN for matching
  -f, --file=FILE           obtain PATTERN from FILE
  -i, --ignore-case         ignore case distinctions
  -w, --word-regexp         force PATTERN to match only whole words
  -x, --line-regexp         force PATTERN to match only whole lines
  -z, --null-data           a data line ends in 0 byte, not newline
Miscellaneous:
  -s, --no-messages         suppress error messages
  -v, --invert-match        select non-matching lines
  -V, --version             display version information and exit
      --help                display this help text and exit
Output control:
  -m, --max-count=NUM       stop after NUM matches
  -b, --byte-offset         print the byte offset with output lines
  -n, --line-number         print line number with output lines
      --line-buffered       flush output on every line
  -H, --with-filename       print the file name for each match
  -h, --no-filename         suppress the file name prefix on output
      --label=LABEL         use LABEL as the standard input file name prefix
  -o, --only-matching       show only the part of a line matching PATTERN
  -q, --quiet, --silent     suppress all normal output
      --binary-files=TYPE   assume that binary files are TYPE;
                            TYPE is 'binary', 'text', or 'without-match'
  -a, --text                equivalent to --binary-files=text
tail -n
       __|  __|_  )
       _|  (     /   Amazon Linux 2 AMI;       ___|\___|___| https://aws.amazon.com/amazon-linux-2/; 2 package(s) needed for security, out of 6 available
Run "sudo yum update" to apply all updates.
[ec2-user@ip-172-31-5-76 ~]$ sudo-i
-bash: sudo-i: command not found
[ec2-user@ip-172-31-5-76 ~]$ sudo -i
[root@ip-172-31-5-76 ~]# sudo useradd srinu
useradd: warning: the home directory already exists.
Not copying any file from skel directory into it.
Creating mailbox file: File exists
[root@ip-172-31-5-76 ~]# user ad
-bash: user: command not found
[root@ip-172-31-5-76 ~]# sudo useradd ec2-user
useradd: user 'ec2-user' already exists
[root@ip-172-31-5-76 ~]# sudo groupadd srinu
groupadd: group 'srinu' already exists
[root@ip-172-31-5-76 ~]# sudo grep
Usage: grep [OPTION]... PATTERN [FILE]...
Try 'grep --help' for more information.
[root@ip-172-31-5-76 ~]# grep --help
Usage: grep [OPTION]... PATTERN [FILE]...
Search for PATTERN in each FILE or standard input.
PATTERN is, by default, a basic regular expression (BRE).
Example: grep -i 'hello world' menu.h main.c
Regexp selection and interpretation:
  -E, --extended-regexp     PATTERN is an extended regular expression (ERE)
  -F, --fixed-strings       PATTERN is a set of newline-separated fixed strings
  -G, --basic-regexp        PATTERN is a basic regular expression (BRE)
  -P, --perl-regexp         PATTERN is a Perl regular expression
  -e, --regexp=PATTERN      use PATTERN for matching
  -f, --file=FILE           obtain PATTERN from FILE
  -i, --ignore-case         ignore case distinctions
  -w, --word-regexp         force PATTERN to match only whole words
  -x, --line-regexp         force PATTERN to match only whole lines
  -z, --null-data           a data line ends in 0 byte, not newline
Miscellaneous:
  -s, --no-messages         suppress error messages
  -v, --invert-match        select non-matching lines
  -V, --version             display version information and exit
      --help                display this help text and exit
Output control:
  -m, --max-count=NUM       stop after NUM matches
  -b, --byte-offset         print the byte offset with output lines
  -n, --line-number         print line number with output lines
      --line-buffered       flush output on every line
  -H, --with-filename       print the file name for each match
  -h, --no-filename         suppress the file name prefix on output
      --label=LABEL         use LABEL as the standard input file name prefix
  -o, --only-matching       show only the part of a line matching PATTERN
  -q, --quiet, --silent     suppress all normal output
      --binary-files=TYPE   assume that binary files are TYPE;
                            TYPE is 'binary', 'text', or 'without-match'
  -a, --text                equivalent to --binary-files=text
ls -l
chown owner_srinu_sreenu
sudo chown
sudo chown root file1.txt
cat chmodtest
cat chmodtest.sh
nano chmodtest .sh
systemctl status httpd
vi /var/www/html/index.html
systemctl status jenkins
systemctl start jenkins
java -version
rpm -qa |grep java
jav -version
java -version
alternatives --config java
java -version
systemctl start jenkins
systemctl status jenkins
/var/lib/jenkins/secrets/initialAdminPassword
Environment="JENKINS_LOG=%L/jenkins/jenkins.log"
journalctl -u jenkins.service
cat /var/lib/lib/jenkins/secret
systemctl status jenkins
cat /var/lib/jenkins/secret
cat /lib/jenkins/secrets/
pub   rsa4096 2020-03-30 [SC] [expires: 2023-03-30]
      62A9756BFD780C377CF24BA8FCEF32E745F2C3D5
uid                      Jenkins Project 
sub   rsa4096 2020-03-30 [E] [expires: 2023-03-30]
systemctl status httpd
whoami
git install
git -install
sudo yun update -y
sudo yum update -y
 sudo yum update
y
sudo yum update -y
clear
whoami
ll
ls
pwd
cd /
ls
ll
ls -al
L
sudo yum update -y
sudo i
exit
yum install git -y
git --version
ll
ls -al
git init .
ls -al
git branch -m navs
ls -al
touch navs1
ll
vim navs1
cat navs1
ll
ls -al
git add navs1
git status
git commit -m "first comit" navs1
git log
git status
touch beeramma
ll
vim beeramma
git add beeramma
ll
ls -al
git add beeramma
git status
git add beeramma
git cmmit -m "first commit" beeramma
git commit m "first commit" beeramma
git commit -m"first commit" beeramma
git status
git log
ll
yum install git -y
git --version
ll
ls -al
get init .
git init .
git branch -m navs
ls -al
git yum install -y
yum install git -y
git --version
L
ll
ls
ls -al
git init .
ls -al
touch beerappa
ll
vim beerappa
ll
cat beerappa
cat beeramma
cat navs
cat navs1
git add beerappa
git commit -m "third commit" beerappa
git log
git status
ll
cat beerappa
exit
yum get install -y
git staus
ll
ls -al
git remote add orgin https://github.com/srinu12527/DEVOPS.git
ll
git branch
git push -origin navs
git push -u origin navs
exit
git branch
git remote add origin https://github.com/srinu12527/DEVOPS.git
ll
git push -u origin navs
Password for 'https://srinu12527@github.com':
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
